// Vitest Snapshot v1, https://vitest.dev/guide/snapshot.html

exports[`one start: the answer as it was before targetMins existed > a closed day is refused the same way 1`] = `"{"name":"ConflictException","status":409,"response":{"message":"Closed for Eid.","error":"Conflict","statusCode":409}}"`;

exports[`one start: the answer as it was before targetMins existed > an unknown service is refused the same way 1`] = `"{"name":"UnprocessableEntityException","status":422,"response":{"message":"B: one or more services do not exist.","error":"Unprocessable Entity","statusCode":422}}"`;

exports[`one start: the answer as it was before targetMins existed > finish together with slack, at every start 1`] = `
[
  "{"branchId":"marina-walk","tradingDay":"2026-10-11","targetMin":600,"target":"10:00","mode":"FINISH","advisory":"Advisory. Nothing is held, and another desk may take one of these lanes before you do.","feasible":false,"lanes":[],"reason":"Nobody available covers A's services at this time.","remedy":"Change that service, or try another time."}",
  "{"branchId":"marina-walk","tradingDay":"2026-10-11","targetMin":630,"target":"10:30","mode":"FINISH","advisory":"Advisory. Nothing is held, and another desk may take one of these lanes before you do.","feasible":false,"lanes":[],"reason":"Nobody available covers A's services at this time.","remedy":"Change that service, or try another time."}",
  "{"branchId":"marina-walk","tradingDay":"2026-10-11","targetMin":660,"target":"11:00","mode":"FINISH","advisory":"Advisory. Nothing is held, and another desk may take one of these lanes before you do.","feasible":false,"lanes":[],"reason":"Nobody available covers A's services at this time.","remedy":"Change that service, or try another time."}",
  "{"branchId":"marina-walk","tradingDay":"2026-10-11","targetMin":690,"target":"11:30","mode":"FINISH","advisory":"Advisory. Nothing is held, and another desk may take one of these lanes before you do.","feasible":true,"lanes":[{"label":"A","staffId":"anya","start":"11:30","end":"14:00","startMin":690,"endMin":840,"resourceType":"color"},{"label":"B","staffId":"maya","start":"13:15","end":"14:00","startMin":795,"endMin":840,"resourceType":"styling"},{"label":"C","staffId":"tara","start":"13:30","end":"13:50","startMin":810,"endMin":830,"resourceType":"styling"}]}",
  "{"branchId":"marina-walk","tradingDay":"2026-10-11","targetMin":720,"target":"12:00","mode":"FINISH","advisory":"Advisory. Nothing is held, and another desk may take one of these lanes before you do.","feasible":true,"lanes":[{"label":"A","staffId":"anya","start":"12:00","end":"14:30","startMin":720,"endMin":870,"resourceType":"color"},{"label":"B","staffId":"maya","start":"13:45","end":"14:30","startMin":825,"endMin":870,"resourceType":"styling"},{"label":"C","staffId":"reem","start":"14:00","end":"14:20","startMin":840,"endMin":860,"resourceType":"styling"}]}",
  "{"branchId":"marina-walk","tradingDay":"2026-10-11","targetMin":750,"target":"12:30","mode":"FINISH","advisory":"Advisory. Nothing is held, and another desk may take one of these lanes before you do.","feasible":true,"lanes":[{"label":"A","staffId":"anya","start":"12:30","end":"15:00","startMin":750,"endMin":900,"resourceType":"color"},{"label":"B","staffId":"maya","start":"14:15","end":"15:00","startMin":855,"endMin":900,"resourceType":"styling"},{"label":"C","staffId":"reem","start":"14:30","end":"14:50","startMin":870,"endMin":890,"resourceType":"styling"}]}",
  "{"branchId":"marina-walk","tradingDay":"2026-10-11","targetMin":780,"target":"13:00","mode":"FINISH","advisory":"Advisory. Nothing is held, and another desk may take one of these lanes before you do.","feasible":true,"lanes":[{"label":"A","staffId":"maya","start":"13:00","end":"15:30","startMin":780,"endMin":930,"resourceType":"color"},{"label":"B","staffId":"reem","start":"14:45","end":"15:30","startMin":885,"endMin":930,"resourceType":"styling"},{"label":"C","staffId":"tara","start":"15:00","end":"15:20","startMin":900,"endMin":920,"resourceType":"styling"}]}",
  "{"branchId":"marina-walk","tradingDay":"2026-10-11","targetMin":810,"target":"13:30","mode":"FINISH","advisory":"Advisory. Nothing is held, and another desk may take one of these lanes before you do.","feasible":true,"lanes":[{"label":"A","staffId":"maya","start":"13:30","end":"16:00","startMin":810,"endMin":960,"resourceType":"color"},{"label":"B","staffId":"reem","start":"15:15","end":"16:00","startMin":915,"endMin":960,"resourceType":"styling"},{"label":"C","staffId":"tara","start":"15:30","end":"15:50","startMin":930,"endMin":950,"resourceType":"styling"}]}",
  "{"branchId":"marina-walk","tradingDay":"2026-10-11","targetMin":840,"target":"14:00","mode":"FINISH","advisory":"Advisory. Nothing is held, and another desk may take one of these lanes before you do.","feasible":false,"lanes":[],"reason":"Nobody available covers A's services at this time.","remedy":"Change that service, or try another time."}",
  "{"branchId":"marina-walk","tradingDay":"2026-10-11","targetMin":870,"target":"14:30","mode":"FINISH","advisory":"Advisory. Nothing is held, and another desk may take one of these lanes before you do.","feasible":false,"lanes":[],"reason":"Nobody available covers A's services at this time.","remedy":"Change that service, or try another time."}",
  "{"branchId":"marina-walk","tradingDay":"2026-10-11","targetMin":900,"target":"15:00","mode":"FINISH","advisory":"Advisory. Nothing is held, and another desk may take one of these lanes before you do.","feasible":false,"lanes":[],"reason":"Nobody available covers A's services at this time.","remedy":"Change that service, or try another time."}",
  "{"branchId":"marina-walk","tradingDay":"2026-10-11","targetMin":930,"target":"15:30","mode":"FINISH","advisory":"Advisory. Nothing is held, and another desk may take one of these lanes before you do.","feasible":false,"lanes":[],"reason":"Nobody available covers A's services at this time.","remedy":"Change that service, or try another time."}",
  "{"branchId":"marina-walk","tradingDay":"2026-10-11","targetMin":960,"target":"16:00","mode":"FINISH","advisory":"Advisory. Nothing is held, and another desk may take one of these lanes before you do.","feasible":false,"lanes":[],"reason":"Nobody available covers A's services at this time.","remedy":"Change that service, or try another time."}",
  "{"branchId":"marina-walk","tradingDay":"2026-10-11","targetMin":990,"target":"16:30","mode":"FINISH","advisory":"Advisory. Nothing is held, and another desk may take one of these lanes before you do.","feasible":false,"lanes":[],"reason":"Nobody available covers A's services at this time.","remedy":"Change that service, or try another time."}",
  "{"branchId":"marina-walk","tradingDay":"2026-10-11","targetMin":1020,"target":"17:00","mode":"FINISH","advisory":"Advisory. Nothing is held, and another desk may take one of these lanes before you do.","feasible":true,"lanes":[{"label":"A","staffId":"maya","start":"17:00","end":"19:30","startMin":1020,"endMin":1170,"resourceType":"color"},{"label":"B","staffId":"anya","start":"18:45","end":"19:30","startMin":1125,"endMin":1170,"resourceType":"styling"},{"label":"C","staffId":"reem","start":"19:00","end":"19:20","startMin":1140,"endMin":1160,"resourceType":"styling"}]}",
  "{"branchId":"marina-walk","tradingDay":"2026-10-11","targetMin":1050,"target":"17:30","mode":"FINISH","advisory":"Advisory. Nothing is held, and another desk may take one of these lanes before you do.","feasible":true,"lanes":[{"label":"A","staffId":"maya","start":"17:30","end":"20:00","startMin":1050,"endMin":1200,"resourceType":"color"},{"label":"B","staffId":"anya","start":"19:15","end":"20:00","startMin":1155,"endMin":1200,"resourceType":"styling"},{"label":"C","staffId":"reem","start":"19:30","end":"19:50","startMin":1170,"endMin":1190,"resourceType":"styling"}]}",
  "{"branchId":"marina-walk","tradingDay":"2026-10-11","targetMin":1080,"target":"18:00","mode":"FINISH","advisory":"Advisory. Nothing is held, and another desk may take one of these lanes before you do.","feasible":true,"lanes":[{"label":"A","staffId":"anya","start":"18:00","end":"20:30","startMin":1080,"endMin":1230,"resourceType":"color"},{"label":"B","staffId":"maya","start":"19:45","end":"20:30","startMin":1185,"endMin":1230,"resourceType":"styling"},{"label":"C","staffId":"reem","start":"20:00","end":"20:20","startMin":1200,"endMin":1220,"resourceType":"styling"}]}",
  "{"branchId":"marina-walk","tradingDay":"2026-10-11","targetMin":1110,"target":"18:30","mode":"FINISH","advisory":"Advisory. Nothing is held, and another desk may take one of these lanes before you do.","feasible":true,"lanes":[{"label":"A","staffId":"anya","start":"18:30","end":"21:00","startMin":1110,"endMin":1260,"resourceType":"color"},{"label":"B","staffId":"maya","start":"20:15","end":"21:00","startMin":1215,"endMin":1260,"resourceType":"styling"},{"label":"C","staffId":"reem","start":"20:30","end":"20:50","startMin":1230,"endMin":1250,"resourceType":"styling"}]}",
  "{"branchId":"marina-walk","tradingDay":"2026-10-11","targetMin":1140,"target":"19:00","mode":"FINISH","advisory":"Advisory. Nothing is held, and another desk may take one of these lanes before you do.","feasible":true,"lanes":[{"label":"A","staffId":"anya","start":"19:00","end":"21:30","startMin":1140,"endMin":1290,"resourceType":"color"},{"label":"B","staffId":"maya","start":"20:45","end":"21:30","startMin":1245,"endMin":1290,"resourceType":"styling"},{"label":"C","staffId":"reem","start":"21:00","end":"21:20","startMin":1260,"endMin":1280,"resourceType":"styling"}]}",
  "{"branchId":"marina-walk","tradingDay":"2026-10-11","targetMin":1170,"target":"19:30","mode":"FINISH","advisory":"Advisory. Nothing is held, and another desk may take one of these lanes before you do.","feasible":true,"lanes":[{"label":"A","staffId":"anya","start":"19:30","end":"22:00","startMin":1170,"endMin":1320,"resourceType":"color"},{"label":"B","staffId":"maya","start":"21:15","end":"22:00","startMin":1275,"endMin":1320,"resourceType":"styling"},{"label":"C","staffId":"reem","start":"21:30","end":"21:50","startMin":1290,"endMin":1310,"resourceType":"styling"}]}",
  "{"branchId":"marina-walk","tradingDay":"2026-10-11","targetMin":1200,"target":"20:00","mode":"FINISH","advisory":"Advisory. Nothing is held, and another desk may take one of these lanes before you do.","feasible":true,"lanes":[{"label":"A","staffId":"anya","start":"20:00","end":"22:30","startMin":1200,"endMin":1350,"resourceType":"color"},{"label":"B","staffId":"maya","start":"21:45","end":"22:30","startMin":1305,"endMin":1350,"resourceType":"styling"},{"label":"C","staffId":"reem","start":"22:00","end":"22:20","startMin":1320,"endMin":1340,"resourceType":"styling"}]}",
  "{"branchId":"marina-walk","tradingDay":"2026-10-11","targetMin":1230,"target":"20:30","mode":"FINISH","advisory":"Advisory. Nothing is held, and another desk may take one of these lanes before you do.","feasible":true,"lanes":[{"label":"A","staffId":"anya","start":"20:30","end":"23:00","startMin":1230,"endMin":1380,"resourceType":"color"},{"label":"B","staffId":"maya","start":"22:15","end":"23:00","startMin":1335,"endMin":1380,"resourceType":"styling"},{"label":"C","staffId":"reem","start":"22:30","end":"22:50","startMin":1350,"endMin":1370,"resourceType":"styling"}]}",
  "{"branchId":"marina-walk","tradingDay":"2026-10-11","targetMin":1260,"target":"21:00","mode":"FINISH","advisory":"Advisory. Nothing is held, and another desk may take one of these lanes before you do.","feasible":true,"lanes":[{"label":"A","staffId":"anya","start":"21:00","end":"23:30","startMin":1260,"endMin":1410,"resourceType":"color"},{"label":"B","staffId":"maya","start":"22:45","end":"23:30","startMin":1365,"endMin":1410,"resourceType":"styling"},{"label":"C","staffId":"reem","start":"23:00","end":"23:20","startMin":1380,"endMin":1400,"resourceType":"styling"}]}",
  "{"branchId":"marina-walk","tradingDay":"2026-10-11","targetMin":1290,"target":"21:30","mode":"FINISH","advisory":"Advisory. Nothing is held, and another desk may take one of these lanes before you do.","feasible":true,"lanes":[{"label":"A","staffId":"anya","start":"21:30","end":"24:00","startMin":1290,"endMin":1440,"resourceType":"color"},{"label":"B","staffId":"maya","start":"23:15","end":"24:00","startMin":1395,"endMin":1440,"resourceType":"styling"},{"label":"C","staffId":"reem","start":"23:30","end":"23:50","startMin":1410,"endMin":1430,"resourceType":"styling"}]}",
  "{"branchId":"marina-walk","tradingDay":"2026-10-11","targetMin":1319,"target":"21:59","mode":"FINISH","advisory":"Advisory. Nothing is held, and another desk may take one of these lanes before you do.","feasible":true,"lanes":[{"label":"A","staffId":"anya","start":"21:59","end":"24:29","startMin":1319,"endMin":1469,"resourceType":"color"},{"label":"B","staffId":"maya","start":"23:44","end":"24:29","startMin":1424,"endMin":1469,"resourceType":"styling"},{"label":"C","staffId":"reem","start":"23:59","end":"24:19","startMin":1439,"endMin":1459,"resourceType":"styling"}]}",
  "{"branchId":"marina-walk","tradingDay":"2026-10-11","targetMin":605,"target":"10:05","mode":"FINISH","advisory":"Advisory. Nothing is held, and another desk may take one of these lanes before you do.","feasible":false,"lanes":[],"reason":"Nobody available covers A's services at this time.","remedy":"Change that service, or try another time."}",
  "{"branchId":"marina-walk","tradingDay":"2026-10-11","targetMin":1000,"target":"16:40","mode":"FINISH","advisory":"Advisory. Nothing is held, and another desk may take one of these lanes before you do.","feasible":false,"lanes":[],"reason":"Nobody available covers A's services at this time.","remedy":"Change that service, or try another time."}",
]
`;

exports[`one start: the answer as it was before targetMins existed > more people than styling chairs, at every start 1`] = `
[
  "{"branchId":"marina-walk","tradingDay":"2026-10-11","targetMin":600,"target":"10:00","mode":"TOGETHER","advisory":"Advisory. Nothing is held, and another desk may take one of these lanes before you do.","feasible":false,"lanes":[],"reason":"Only 3 professionals can cover this party, and each of the 4 participants needs their own.","remedy":"Reduce the party, change a service, or try another time."}",
  "{"branchId":"marina-walk","tradingDay":"2026-10-11","targetMin":630,"target":"10:30","mode":"TOGETHER","advisory":"Advisory. Nothing is held, and another desk may take one of these lanes before you do.","feasible":false,"lanes":[],"reason":"Only 2 professionals can cover this party, and each of the 4 participants needs their own.","remedy":"Reduce the party, change a service, or try another time."}",
  "{"branchId":"marina-walk","tradingDay":"2026-10-11","targetMin":660,"target":"11:00","mode":"TOGETHER","advisory":"Advisory. Nothing is held, and another desk may take one of these lanes before you do.","feasible":false,"lanes":[],"reason":"Only 2 professionals can cover this party, and each of the 4 participants needs their own.","remedy":"Reduce the party, change a service, or try another time."}",
  "{"branchId":"marina-walk","tradingDay":"2026-10-11","targetMin":690,"target":"11:30","mode":"TOGETHER","advisory":"Advisory. Nothing is held, and another desk may take one of these lanes before you do.","feasible":false,"lanes":[],"reason":"Only 2 professionals can cover this party, and each of the 4 participants needs their own.","remedy":"Reduce the party, change a service, or try another time."}",
  "{"branchId":"marina-walk","tradingDay":"2026-10-11","targetMin":720,"target":"12:00","mode":"TOGETHER","advisory":"Advisory. Nothing is held, and another desk may take one of these lanes before you do.","feasible":false,"lanes":[],"reason":"Only 2 professionals can cover this party, and each of the 4 participants needs their own.","remedy":"Reduce the party, change a service, or try another time."}",
  "{"branchId":"marina-walk","tradingDay":"2026-10-11","targetMin":750,"target":"12:30","mode":"TOGETHER","advisory":"Advisory. Nothing is held, and another desk may take one of these lanes before you do.","feasible":false,"lanes":[],"reason":"Only 2 professionals can cover this party, and each of the 4 participants needs their own.","remedy":"Reduce the party, change a service, or try another time."}",
  "{"branchId":"marina-walk","tradingDay":"2026-10-11","targetMin":780,"target":"13:00","mode":"TOGETHER","advisory":"Advisory. Nothing is held, and another desk may take one of these lanes before you do.","feasible":false,"lanes":[],"reason":"Only 3 professionals can cover this party, and each of the 4 participants needs their own.","remedy":"Reduce the party, change a service, or try another time."}",
  "{"branchId":"marina-walk","tradingDay":"2026-10-11","targetMin":810,"target":"13:30","mode":"TOGETHER","advisory":"Advisory. Nothing is held, and another desk may take one of these lanes before you do.","feasible":false,"lanes":[],"reason":"Only 3 professionals can cover this party, and each of the 4 participants needs their own.","remedy":"Reduce the party, change a service, or try another time."}",
  "{"branchId":"marina-walk","tradingDay":"2026-10-11","targetMin":840,"target":"14:00","mode":"TOGETHER","advisory":"Advisory. Nothing is held, and another desk may take one of these lanes before you do.","feasible":false,"lanes":[],"reason":"The party needs 4 styling stations at once and the branch has 3.","remedy":"Reduce the party, change a service, or switch to finish-together."}",
  "{"branchId":"marina-walk","tradingDay":"2026-10-11","targetMin":870,"target":"14:30","mode":"TOGETHER","advisory":"Advisory. Nothing is held, and another desk may take one of these lanes before you do.","feasible":false,"lanes":[],"reason":"Only 3 professionals can cover this party, and each of the 4 participants needs their own.","remedy":"Reduce the party, change a service, or try another time."}",
  "{"branchId":"marina-walk","tradingDay":"2026-10-11","targetMin":900,"target":"15:00","mode":"TOGETHER","advisory":"Advisory. Nothing is held, and another desk may take one of these lanes before you do.","feasible":false,"lanes":[],"reason":"Only 3 professionals can cover this party, and each of the 4 participants needs their own.","remedy":"Reduce the party, change a service, or try another time."}",
  "{"branchId":"marina-walk","tradingDay":"2026-10-11","targetMin":930,"target":"15:30","mode":"TOGETHER","advisory":"Advisory. Nothing is held, and another desk may take one of these lanes before you do.","feasible":false,"lanes":[],"reason":"Only 2 professionals can cover this party, and each of the 4 participants needs their own.","remedy":"Reduce the party, change a service, or try another time."}",
  "{"branchId":"marina-walk","tradingDay":"2026-10-11","targetMin":960,"target":"16:00","mode":"TOGETHER","advisory":"Advisory. Nothing is held, and another desk may take one of these lanes before you do.","feasible":false,"lanes":[],"reason":"Only 2 professionals can cover this party, and each of the 4 participants needs their own.","remedy":"Reduce the party, change a service, or try another time."}",
  "{"branchId":"marina-walk","tradingDay":"2026-10-11","targetMin":990,"target":"16:30","mode":"TOGETHER","advisory":"Advisory. Nothing is held, and another desk may take one of these lanes before you do.","feasible":false,"lanes":[],"reason":"Only 2 professionals can cover this party, and each of the 4 participants needs their own.","remedy":"Reduce the party, change a service, or try another time."}",
  "{"branchId":"marina-walk","tradingDay":"2026-10-11","targetMin":1020,"target":"17:00","mode":"TOGETHER","advisory":"Advisory. Nothing is held, and another desk may take one of these lanes before you do.","feasible":false,"lanes":[],"reason":"Only 3 professionals can cover this party, and each of the 4 participants needs their own.","remedy":"Reduce the party, change a service, or try another time."}",
  "{"branchId":"marina-walk","tradingDay":"2026-10-11","targetMin":1050,"target":"17:30","mode":"TOGETHER","advisory":"Advisory. Nothing is held, and another desk may take one of these lanes before you do.","feasible":false,"lanes":[],"reason":"Only 2 professionals can cover this party, and each of the 4 participants needs their own.","remedy":"Reduce the party, change a service, or try another time."}",
  "{"branchId":"marina-walk","tradingDay":"2026-10-11","targetMin":1080,"target":"18:00","mode":"TOGETHER","advisory":"Advisory. Nothing is held, and another desk may take one of these lanes before you do.","feasible":false,"lanes":[],"reason":"Only 3 professionals can cover this party, and each of the 4 participants needs their own.","remedy":"Reduce the party, change a service, or try another time."}",
  "{"branchId":"marina-walk","tradingDay":"2026-10-11","targetMin":1110,"target":"18:30","mode":"TOGETHER","advisory":"Advisory. Nothing is held, and another desk may take one of these lanes before you do.","feasible":false,"lanes":[],"reason":"Only 3 professionals can cover this party, and each of the 4 participants needs their own.","remedy":"Reduce the party, change a service, or try another time."}",
  "{"branchId":"marina-walk","tradingDay":"2026-10-11","targetMin":1140,"target":"19:00","mode":"TOGETHER","advisory":"Advisory. Nothing is held, and another desk may take one of these lanes before you do.","feasible":false,"lanes":[],"reason":"Only 3 professionals can cover this party, and each of the 4 participants needs their own.","remedy":"Reduce the party, change a service, or try another time."}",
  "{"branchId":"marina-walk","tradingDay":"2026-10-11","targetMin":1170,"target":"19:30","mode":"TOGETHER","advisory":"Advisory. Nothing is held, and another desk may take one of these lanes before you do.","feasible":false,"lanes":[],"reason":"Only 3 professionals can cover this party, and each of the 4 participants needs their own.","remedy":"Reduce the party, change a service, or try another time."}",
  "{"branchId":"marina-walk","tradingDay":"2026-10-11","targetMin":1200,"target":"20:00","mode":"TOGETHER","advisory":"Advisory. Nothing is held, and another desk may take one of these lanes before you do.","feasible":false,"lanes":[],"reason":"The party needs 4 styling stations at once and the branch has 3.","remedy":"Reduce the party, change a service, or switch to finish-together."}",
  "{"branchId":"marina-walk","tradingDay":"2026-10-11","targetMin":1230,"target":"20:30","mode":"TOGETHER","advisory":"Advisory. Nothing is held, and another desk may take one of these lanes before you do.","feasible":false,"lanes":[],"reason":"The party needs 4 styling stations at once and the branch has 3.","remedy":"Reduce the party, change a service, or switch to finish-together."}",
  "{"branchId":"marina-walk","tradingDay":"2026-10-11","targetMin":1260,"target":"21:00","mode":"TOGETHER","advisory":"Advisory. Nothing is held, and another desk may take one of these lanes before you do.","feasible":false,"lanes":[],"reason":"The party needs 4 styling stations at once and the branch has 3.","remedy":"Reduce the party, change a service, or switch to finish-together."}",
  "{"branchId":"marina-walk","tradingDay":"2026-10-11","targetMin":1290,"target":"21:30","mode":"TOGETHER","advisory":"Advisory. Nothing is held, and another desk may take one of these lanes before you do.","feasible":false,"lanes":[],"reason":"The party needs 4 styling stations at once and the branch has 3.","remedy":"Reduce the party, change a service, or switch to finish-together."}",
  "{"branchId":"marina-walk","tradingDay":"2026-10-11","targetMin":1319,"target":"21:59","mode":"TOGETHER","advisory":"Advisory. Nothing is held, and another desk may take one of these lanes before you do.","feasible":false,"lanes":[],"reason":"The party needs 4 styling stations at once and the branch has 3.","remedy":"Reduce the party, change a service, or switch to finish-together."}",
  "{"branchId":"marina-walk","tradingDay":"2026-10-11","targetMin":605,"target":"10:05","mode":"TOGETHER","advisory":"Advisory. Nothing is held, and another desk may take one of these lanes before you do.","feasible":false,"lanes":[],"reason":"Only 3 professionals can cover this party, and each of the 4 participants needs their own.","remedy":"Reduce the party, change a service, or try another time."}",
  "{"branchId":"marina-walk","tradingDay":"2026-10-11","targetMin":1000,"target":"16:40","mode":"TOGETHER","advisory":"Advisory. Nothing is held, and another desk may take one of these lanes before you do.","feasible":false,"lanes":[],"reason":"Only 2 professionals can cover this party, and each of the 4 participants needs their own.","remedy":"Reduce the party, change a service, or try another time."}",
]
`;

exports[`one start: the answer as it was before targetMins existed > pair, at every start 1`] = `
[
  "{"branchId":"marina-walk","tradingDay":"2026-10-11","targetMin":600,"target":"10:00","mode":"TOGETHER","advisory":"Advisory. Nothing is held, and another desk may take one of these lanes before you do.","feasible":true,"lanes":[{"label":"A","staffId":"maya","start":"10:00","end":"10:45","startMin":600,"endMin":645,"resourceType":"styling"},{"label":"B","staffId":"lina","start":"10:00","end":"11:00","startMin":600,"endMin":660,"resourceType":"nail"}]}",
  "{"branchId":"marina-walk","tradingDay":"2026-10-11","targetMin":630,"target":"10:30","mode":"TOGETHER","advisory":"Advisory. Nothing is held, and another desk may take one of these lanes before you do.","feasible":true,"lanes":[{"label":"A","staffId":"reem","start":"10:30","end":"11:15","startMin":630,"endMin":675,"resourceType":"styling"},{"label":"B","staffId":"lina","start":"10:30","end":"11:30","startMin":630,"endMin":690,"resourceType":"nail"}]}",
  "{"branchId":"marina-walk","tradingDay":"2026-10-11","targetMin":660,"target":"11:00","mode":"TOGETHER","advisory":"Advisory. Nothing is held, and another desk may take one of these lanes before you do.","feasible":true,"lanes":[{"label":"A","staffId":"reem","start":"11:00","end":"11:45","startMin":660,"endMin":705,"resourceType":"styling"},{"label":"B","staffId":"lina","start":"11:00","end":"12:00","startMin":660,"endMin":720,"resourceType":"nail"}]}",
  "{"branchId":"marina-walk","tradingDay":"2026-10-11","targetMin":690,"target":"11:30","mode":"TOGETHER","advisory":"Advisory. Nothing is held, and another desk may take one of these lanes before you do.","feasible":true,"lanes":[{"label":"A","staffId":"anya","start":"11:30","end":"12:15","startMin":690,"endMin":735,"resourceType":"styling"},{"label":"B","staffId":"lina","start":"11:30","end":"12:30","startMin":690,"endMin":750,"resourceType":"nail"}]}",
  "{"branchId":"marina-walk","tradingDay":"2026-10-11","targetMin":720,"target":"12:00","mode":"TOGETHER","advisory":"Advisory. Nothing is held, and another desk may take one of these lanes before you do.","feasible":true,"lanes":[{"label":"A","staffId":"anya","start":"12:00","end":"12:45","startMin":720,"endMin":765,"resourceType":"styling"},{"label":"B","staffId":"lina","start":"12:00","end":"13:00","startMin":720,"endMin":780,"resourceType":"nail"}]}",
  "{"branchId":"marina-walk","tradingDay":"2026-10-11","targetMin":750,"target":"12:30","mode":"TOGETHER","advisory":"Advisory. Nothing is held, and another desk may take one of these lanes before you do.","feasible":false,"lanes":[],"reason":"Nobody available covers B's services at this time.","remedy":"Change that service, or try another time."}",
  "{"branchId":"marina-walk","tradingDay":"2026-10-11","targetMin":780,"target":"13:00","mode":"TOGETHER","advisory":"Advisory. Nothing is held, and another desk may take one of these lanes before you do.","feasible":false,"lanes":[],"reason":"Nobody available covers B's services at this time.","remedy":"Change that service, or try another time."}",
  "{"branchId":"marina-walk","tradingDay":"2026-10-11","targetMin":810,"target":"13:30","mode":"TOGETHER","advisory":"Advisory. Nothing is held, and another desk may take one of these lanes before you do.","feasible":false,"lanes":[],"reason":"Nobody available covers B's services at this time.","remedy":"Change that service, or try another time."}",
  "{"branchId":"marina-walk","tradingDay":"2026-10-11","targetMin":840,"target":"14:00","mode":"TOGETHER","advisory":"Advisory. Nothing is held, and another desk may take one of these lanes before you do.","feasible":false,"lanes":[],"reason":"Nobody available covers B's services at this time.","remedy":"Change that service, or try another time."}",
  "{"branchId":"marina-walk","tradingDay":"2026-10-11","targetMin":870,"target":"14:30","mode":"TOGETHER","advisory":"Advisory. Nothing is held, and another desk may take one of these lanes before you do.","feasible":false,"lanes":[],"reason":"Nobody available covers B's services at this time.","remedy":"Change that service, or try another time."}",
  "{"branchId":"marina-walk","tradingDay":"2026-10-11","targetMin":900,"target":"15:00","mode":"TOGETHER","advisory":"Advisory. Nothing is held, and another desk may take one of these lanes before you do.","feasible":false,"lanes":[],"reason":"No arrangement of professionals covers the whole party at this time.","remedy":"Try another time, or switch to finish-together."}",
  "{"branchId":"marina-walk","tradingDay":"2026-10-11","targetMin":930,"target":"15:30","mode":"TOGETHER","advisory":"Advisory. Nothing is held, and another desk may take one of these lanes before you do.","feasible":false,"lanes":[],"reason":"No arrangement of professionals covers the whole party at this time.","remedy":"Try another time, or switch to finish-together."}",
  "{"branchId":"marina-walk","tradingDay":"2026-10-11","targetMin":960,"target":"16:00","mode":"TOGETHER","advisory":"Advisory. Nothing is held, and another desk may take one of these lanes before you do.","feasible":true,"lanes":[{"label":"A","staffId":"reem","start":"16:00","end":"16:45","startMin":960,"endMin":1005,"resourceType":"styling"},{"label":"B","staffId":"lina","start":"16:00","end":"17:00","startMin":960,"endMin":1020,"resourceType":"nail"}]}",
  "{"branchId":"marina-walk","tradingDay":"2026-10-11","targetMin":990,"target":"16:30","mode":"TOGETHER","advisory":"Advisory. Nothing is held, and another desk may take one of these lanes before you do.","feasible":true,"lanes":[{"label":"A","staffId":"reem","start":"16:30","end":"17:15","startMin":990,"endMin":1035,"resourceType":"styling"},{"label":"B","staffId":"lina","start":"16:30","end":"17:30","startMin":990,"endMin":1050,"resourceType":"nail"}]}",
  "{"branchId":"marina-walk","tradingDay":"2026-10-11","targetMin":1020,"target":"17:00","mode":"TOGETHER","advisory":"Advisory. Nothing is held, and another desk may take one of these lanes before you do.","feasible":true,"lanes":[{"label":"A","staffId":"maya","start":"17:00","end":"17:45","startMin":1020,"endMin":1065,"resourceType":"styling"},{"label":"B","staffId":"lina","start":"17:00","end":"18:00","startMin":1020,"endMin":1080,"resourceType":"nail"}]}",
  "{"branchId":"marina-walk","tradingDay":"2026-10-11","targetMin":1050,"target":"17:30","mode":"TOGETHER","advisory":"Advisory. Nothing is held, and another desk may take one of these lanes before you do.","feasible":true,"lanes":[{"label":"A","staffId":"maya","start":"17:30","end":"18:15","startMin":1050,"endMin":1095,"resourceType":"styling"},{"label":"B","staffId":"lina","start":"17:30","end":"18:30","startMin":1050,"endMin":1110,"resourceType":"nail"}]}",
  "{"branchId":"marina-walk","tradingDay":"2026-10-11","targetMin":1080,"target":"18:00","mode":"TOGETHER","advisory":"Advisory. Nothing is held, and another desk may take one of these lanes before you do.","feasible":true,"lanes":[{"label":"A","staffId":"anya","start":"18:00","end":"18:45","startMin":1080,"endMin":1125,"resourceType":"styling"},{"label":"B","staffId":"lina","start":"18:00","end":"19:00","startMin":1080,"endMin":1140,"resourceType":"nail"}]}",
  "{"branchId":"marina-walk","tradingDay":"2026-10-11","targetMin":1110,"target":"18:30","mode":"TOGETHER","advisory":"Advisory. Nothing is held, and another desk may take one of these lanes before you do.","feasible":true,"lanes":[{"label":"A","staffId":"anya","start":"18:30","end":"19:15","startMin":1110,"endMin":1155,"resourceType":"styling"},{"label":"B","staffId":"lina","start":"18:30","end":"19:30","startMin":1110,"endMin":1170,"resourceType":"nail"}]}",
  "{"branchId":"marina-walk","tradingDay":"2026-10-11","targetMin":1140,"target":"19:00","mode":"TOGETHER","advisory":"Advisory. Nothing is held, and another desk may take one of these lanes before you do.","feasible":true,"lanes":[{"label":"A","staffId":"anya","start":"19:00","end":"19:45","startMin":1140,"endMin":1185,"resourceType":"styling"},{"label":"B","staffId":"lina","start":"19:00","end":"20:00","startMin":1140,"endMin":1200,"resourceType":"nail"}]}",
  "{"branchId":"marina-walk","tradingDay":"2026-10-11","targetMin":1170,"target":"19:30","mode":"TOGETHER","advisory":"Advisory. Nothing is held, and another desk may take one of these lanes before you do.","feasible":true,"lanes":[{"label":"A","staffId":"anya","start":"19:30","end":"20:15","startMin":1170,"endMin":1215,"resourceType":"styling"},{"label":"B","staffId":"lina","start":"19:30","end":"20:30","startMin":1170,"endMin":1230,"resourceType":"nail"}]}",
  "{"branchId":"marina-walk","tradingDay":"2026-10-11","targetMin":1200,"target":"20:00","mode":"TOGETHER","advisory":"Advisory. Nothing is held, and another desk may take one of these lanes before you do.","feasible":true,"lanes":[{"label":"A","staffId":"anya","start":"20:00","end":"20:45","startMin":1200,"endMin":1245,"resourceType":"styling"},{"label":"B","staffId":"lina","start":"20:00","end":"21:00","startMin":1200,"endMin":1260,"resourceType":"nail"}]}",
  "{"branchId":"marina-walk","tradingDay":"2026-10-11","targetMin":1230,"target":"20:30","mode":"TOGETHER","advisory":"Advisory. Nothing is held, and another desk may take one of these lanes before you do.","feasible":true,"lanes":[{"label":"A","staffId":"anya","start":"20:30","end":"21:15","startMin":1230,"endMin":1275,"resourceType":"styling"},{"label":"B","staffId":"lina","start":"20:30","end":"21:30","startMin":1230,"endMin":1290,"resourceType":"nail"}]}",
  "{"branchId":"marina-walk","tradingDay":"2026-10-11","targetMin":1260,"target":"21:00","mode":"TOGETHER","advisory":"Advisory. Nothing is held, and another desk may take one of these lanes before you do.","feasible":true,"lanes":[{"label":"A","staffId":"anya","start":"21:00","end":"21:45","startMin":1260,"endMin":1305,"resourceType":"styling"},{"label":"B","staffId":"lina","start":"21:00","end":"22:00","startMin":1260,"endMin":1320,"resourceType":"nail"}]}",
  "{"branchId":"marina-walk","tradingDay":"2026-10-11","targetMin":1290,"target":"21:30","mode":"TOGETHER","advisory":"Advisory. Nothing is held, and another desk may take one of these lanes before you do.","feasible":true,"lanes":[{"label":"A","staffId":"anya","start":"21:30","end":"22:15","startMin":1290,"endMin":1335,"resourceType":"styling"},{"label":"B","staffId":"lina","start":"21:30","end":"22:30","startMin":1290,"endMin":1350,"resourceType":"nail"}]}",
  "{"branchId":"marina-walk","tradingDay":"2026-10-11","targetMin":1319,"target":"21:59","mode":"TOGETHER","advisory":"Advisory. Nothing is held, and another desk may take one of these lanes before you do.","feasible":true,"lanes":[{"label":"A","staffId":"anya","start":"21:59","end":"22:44","startMin":1319,"endMin":1364,"resourceType":"styling"},{"label":"B","staffId":"lina","start":"21:59","end":"22:59","startMin":1319,"endMin":1379,"resourceType":"nail"}]}",
  "{"branchId":"marina-walk","tradingDay":"2026-10-11","targetMin":605,"target":"10:05","mode":"TOGETHER","advisory":"Advisory. Nothing is held, and another desk may take one of these lanes before you do.","feasible":true,"lanes":[{"label":"A","staffId":"maya","start":"10:05","end":"10:50","startMin":605,"endMin":650,"resourceType":"styling"},{"label":"B","staffId":"lina","start":"10:05","end":"11:05","startMin":605,"endMin":665,"resourceType":"nail"}]}",
  "{"branchId":"marina-walk","tradingDay":"2026-10-11","targetMin":1000,"target":"16:40","mode":"TOGETHER","advisory":"Advisory. Nothing is held, and another desk may take one of these lanes before you do.","feasible":true,"lanes":[{"label":"A","staffId":"reem","start":"16:40","end":"17:25","startMin":1000,"endMin":1045,"resourceType":"styling"},{"label":"B","staffId":"lina","start":"16:40","end":"17:40","startMin":1000,"endMin":1060,"resourceType":"nail"}]}",
]
`;

exports[`one start: the answer as it was before targetMins existed > three manicures, one manicurist, at every start 1`] = `
[
  "{"branchId":"marina-walk","tradingDay":"2026-10-11","targetMin":600,"target":"10:00","mode":"TOGETHER","advisory":"Advisory. Nothing is held, and another desk may take one of these lanes before you do.","feasible":false,"lanes":[],"reason":"Only 1 professional can cover this party, and each of the 3 participants needs their own.","remedy":"Reduce the party, change a service, or try another time."}",
  "{"branchId":"marina-walk","tradingDay":"2026-10-11","targetMin":630,"target":"10:30","mode":"TOGETHER","advisory":"Advisory. Nothing is held, and another desk may take one of these lanes before you do.","feasible":false,"lanes":[],"reason":"Only 1 professional can cover this party, and each of the 3 participants needs their own.","remedy":"Reduce the party, change a service, or try another time."}",
  "{"branchId":"marina-walk","tradingDay":"2026-10-11","targetMin":660,"target":"11:00","mode":"TOGETHER","advisory":"Advisory. Nothing is held, and another desk may take one of these lanes before you do.","feasible":false,"lanes":[],"reason":"Only 1 professional can cover this party, and each of the 3 participants needs their own.","remedy":"Reduce the party, change a service, or try another time."}",
  "{"branchId":"marina-walk","tradingDay":"2026-10-11","targetMin":690,"target":"11:30","mode":"TOGETHER","advisory":"Advisory. Nothing is held, and another desk may take one of these lanes before you do.","feasible":false,"lanes":[],"reason":"Only 1 professional can cover this party, and each of the 3 participants needs their own.","remedy":"Reduce the party, change a service, or try another time."}",
  "{"branchId":"marina-walk","tradingDay":"2026-10-11","targetMin":720,"target":"12:00","mode":"TOGETHER","advisory":"Advisory. Nothing is held, and another desk may take one of these lanes before you do.","feasible":false,"lanes":[],"reason":"Only 1 professional can cover this party, and each of the 3 participants needs their own.","remedy":"Reduce the party, change a service, or try another time."}",
  "{"branchId":"marina-walk","tradingDay":"2026-10-11","targetMin":750,"target":"12:30","mode":"TOGETHER","advisory":"Advisory. Nothing is held, and another desk may take one of these lanes before you do.","feasible":false,"lanes":[],"reason":"Nobody available covers A's services at this time.","remedy":"Change that service, or try another time."}",
  "{"branchId":"marina-walk","tradingDay":"2026-10-11","targetMin":780,"target":"13:00","mode":"TOGETHER","advisory":"Advisory. Nothing is held, and another desk may take one of these lanes before you do.","feasible":false,"lanes":[],"reason":"Nobody available covers A's services at this time.","remedy":"Change that service, or try another time."}",
  "{"branchId":"marina-walk","tradingDay":"2026-10-11","targetMin":810,"target":"13:30","mode":"TOGETHER","advisory":"Advisory. Nothing is held, and another desk may take one of these lanes before you do.","feasible":false,"lanes":[],"reason":"Nobody available covers A's services at this time.","remedy":"Change that service, or try another time."}",
  "{"branchId":"marina-walk","tradingDay":"2026-10-11","targetMin":840,"target":"14:00","mode":"TOGETHER","advisory":"Advisory. Nothing is held, and another desk may take one of these lanes before you do.","feasible":false,"lanes":[],"reason":"Nobody available covers A's services at this time.","remedy":"Change that service, or try another time."}",
  "{"branchId":"marina-walk","tradingDay":"2026-10-11","targetMin":870,"target":"14:30","mode":"TOGETHER","advisory":"Advisory. Nothing is held, and another desk may take one of these lanes before you do.","feasible":false,"lanes":[],"reason":"Nobody available covers A's services at this time.","remedy":"Change that service, or try another time."}",
  "{"branchId":"marina-walk","tradingDay":"2026-10-11","targetMin":900,"target":"15:00","mode":"TOGETHER","advisory":"Advisory. Nothing is held, and another desk may take one of these lanes before you do.","feasible":false,"lanes":[],"reason":"Only 1 professional can cover this party, and each of the 3 participants needs their own.","remedy":"Reduce the party, change a service, or try another time."}",
  "{"branchId":"marina-walk","tradingDay":"2026-10-11","targetMin":930,"target":"15:30","mode":"TOGETHER","advisory":"Advisory. Nothing is held, and another desk may take one of these lanes before you do.","feasible":false,"lanes":[],"reason":"Only 1 professional can cover this party, and each of the 3 participants needs their own.","remedy":"Reduce the party, change a service, or try another time."}",
  "{"branchId":"marina-walk","tradingDay":"2026-10-11","targetMin":960,"target":"16:00","mode":"TOGETHER","advisory":"Advisory. Nothing is held, and another desk may take one of these lanes before you do.","feasible":false,"lanes":[],"reason":"Only 1 professional can cover this party, and each of the 3 participants needs their own.","remedy":"Reduce the party, change a service, or try another time."}",
  "{"branchId":"marina-walk","tradingDay":"2026-10-11","targetMin":990,"target":"16:30","mode":"TOGETHER","advisory":"Advisory. Nothing is held, and another desk may take one of these lanes before you do.","feasible":false,"lanes":[],"reason":"Only 1 professional can cover this party, and each of the 3 participants needs their own.","remedy":"Reduce the party, change a service, or try another time."}",
  "{"branchId":"marina-walk","tradingDay":"2026-10-11","targetMin":1020,"target":"17:00","mode":"TOGETHER","advisory":"Advisory. Nothing is held, and another desk may take one of these lanes before you do.","feasible":false,"lanes":[],"reason":"Only 1 professional can cover this party, and each of the 3 participants needs their own.","remedy":"Reduce the party, change a service, or try another time."}",
  "{"branchId":"marina-walk","tradingDay":"2026-10-11","targetMin":1050,"target":"17:30","mode":"TOGETHER","advisory":"Advisory. Nothing is held, and another desk may take one of these lanes before you do.","feasible":false,"lanes":[],"reason":"Only 1 professional can cover this party, and each of the 3 participants needs their own.","remedy":"Reduce the party, change a service, or try another time."}",
  "{"branchId":"marina-walk","tradingDay":"2026-10-11","targetMin":1080,"target":"18:00","mode":"TOGETHER","advisory":"Advisory. Nothing is held, and another desk may take one of these lanes before you do.","feasible":false,"lanes":[],"reason":"Only 1 professional can cover this party, and each of the 3 participants needs their own.","remedy":"Reduce the party, change a service, or try another time."}",
  "{"branchId":"marina-walk","tradingDay":"2026-10-11","targetMin":1110,"target":"18:30","mode":"TOGETHER","advisory":"Advisory. Nothing is held, and another desk may take one of these lanes before you do.","feasible":false,"lanes":[],"reason":"Only 1 professional can cover this party, and each of the 3 participants needs their own.","remedy":"Reduce the party, change a service, or try another time."}",
  "{"branchId":"marina-walk","tradingDay":"2026-10-11","targetMin":1140,"target":"19:00","mode":"TOGETHER","advisory":"Advisory. Nothing is held, and another desk may take one of these lanes before you do.","feasible":false,"lanes":[],"reason":"Only 1 professional can cover this party, and each of the 3 participants needs their own.","remedy":"Reduce the party, change a service, or try another time."}",
  "{"branchId":"marina-walk","tradingDay":"2026-10-11","targetMin":1170,"target":"19:30","mode":"TOGETHER","advisory":"Advisory. Nothing is held, and another desk may take one of these lanes before you do.","feasible":false,"lanes":[],"reason":"Only 1 professional can cover this party, and each of the 3 participants needs their own.","remedy":"Reduce the party, change a service, or try another time."}",
  "{"branchId":"marina-walk","tradingDay":"2026-10-11","targetMin":1200,"target":"20:00","mode":"TOGETHER","advisory":"Advisory. Nothing is held, and another desk may take one of these lanes before you do.","feasible":false,"lanes":[],"reason":"Only 1 professional can cover this party, and each of the 3 participants needs their own.","remedy":"Reduce the party, change a service, or try another time."}",
  "{"branchId":"marina-walk","tradingDay":"2026-10-11","targetMin":1230,"target":"20:30","mode":"TOGETHER","advisory":"Advisory. Nothing is held, and another desk may take one of these lanes before you do.","feasible":false,"lanes":[],"reason":"Only 1 professional can cover this party, and each of the 3 participants needs their own.","remedy":"Reduce the party, change a service, or try another time."}",
  "{"branchId":"marina-walk","tradingDay":"2026-10-11","targetMin":1260,"target":"21:00","mode":"TOGETHER","advisory":"Advisory. Nothing is held, and another desk may take one of these lanes before you do.","feasible":false,"lanes":[],"reason":"Only 1 professional can cover this party, and each of the 3 participants needs their own.","remedy":"Reduce the party, change a service, or try another time."}",
  "{"branchId":"marina-walk","tradingDay":"2026-10-11","targetMin":1290,"target":"21:30","mode":"TOGETHER","advisory":"Advisory. Nothing is held, and another desk may take one of these lanes before you do.","feasible":false,"lanes":[],"reason":"Only 1 professional can cover this party, and each of the 3 participants needs their own.","remedy":"Reduce the party, change a service, or try another time."}",
  "{"branchId":"marina-walk","tradingDay":"2026-10-11","targetMin":1319,"target":"21:59","mode":"TOGETHER","advisory":"Advisory. Nothing is held, and another desk may take one of these lanes before you do.","feasible":false,"lanes":[],"reason":"Only 1 professional can cover this party, and each of the 3 participants needs their own.","remedy":"Reduce the party, change a service, or try another time."}",
  "{"branchId":"marina-walk","tradingDay":"2026-10-11","targetMin":605,"target":"10:05","mode":"TOGETHER","advisory":"Advisory. Nothing is held, and another desk may take one of these lanes before you do.","feasible":false,"lanes":[],"reason":"Only 1 professional can cover this party, and each of the 3 participants needs their own.","remedy":"Reduce the party, change a service, or try another time."}",
  "{"branchId":"marina-walk","tradingDay":"2026-10-11","targetMin":1000,"target":"16:40","mode":"TOGETHER","advisory":"Advisory. Nothing is held, and another desk may take one of these lanes before you do.","feasible":false,"lanes":[],"reason":"Only 1 professional can cover this party, and each of the 3 participants needs their own.","remedy":"Reduce the party, change a service, or try another time."}",
]
`;

exports[`one start: the answer as it was before targetMins existed > trio with a preference, at every start 1`] = `
[
  "{"branchId":"marina-walk","tradingDay":"2026-10-11","targetMin":600,"target":"10:00","mode":"TOGETHER","advisory":"Advisory. Nothing is held, and another desk may take one of these lanes before you do.","feasible":false,"lanes":[],"reason":"Nobody available covers A's services at this time.","remedy":"Relax the professional preference, or try another time."}",
  "{"branchId":"marina-walk","tradingDay":"2026-10-11","targetMin":630,"target":"10:30","mode":"TOGETHER","advisory":"Advisory. Nothing is held, and another desk may take one of these lanes before you do.","feasible":false,"lanes":[],"reason":"Nobody available covers A's services at this time.","remedy":"Relax the professional preference, or try another time."}",
  "{"branchId":"marina-walk","tradingDay":"2026-10-11","targetMin":660,"target":"11:00","mode":"TOGETHER","advisory":"Advisory. Nothing is held, and another desk may take one of these lanes before you do.","feasible":false,"lanes":[],"reason":"Nobody available covers A's services at this time.","remedy":"Relax the professional preference, or try another time."}",
  "{"branchId":"marina-walk","tradingDay":"2026-10-11","targetMin":690,"target":"11:30","mode":"TOGETHER","advisory":"Advisory. Nothing is held, and another desk may take one of these lanes before you do.","feasible":false,"lanes":[],"reason":"Nobody available covers A's services at this time.","remedy":"Relax the professional preference, or try another time."}",
  "{"branchId":"marina-walk","tradingDay":"2026-10-11","targetMin":720,"target":"12:00","mode":"TOGETHER","advisory":"Advisory. Nothing is held, and another desk may take one of these lanes before you do.","feasible":false,"lanes":[],"reason":"Nobody available covers A's services at this time.","remedy":"Relax the professional preference, or try another time."}",
  "{"branchId":"marina-walk","tradingDay":"2026-10-11","targetMin":750,"target":"12:30","mode":"TOGETHER","advisory":"Advisory. Nothing is held, and another desk may take one of these lanes before you do.","feasible":false,"lanes":[],"reason":"Nobody available covers A's services at this time.","remedy":"Relax the professional preference, or try another time."}",
  "{"branchId":"marina-walk","tradingDay":"2026-10-11","targetMin":780,"target":"13:00","mode":"TOGETHER","advisory":"Advisory. Nothing is held, and another desk may take one of these lanes before you do.","feasible":true,"lanes":[{"label":"A","staffId":"maya","start":"13:00","end":"14:40","startMin":780,"endMin":880,"resourceType":"color"},{"label":"B","staffId":"anya","start":"13:00","end":"13:45","startMin":780,"endMin":825,"resourceType":"styling"},{"label":"C","staffId":"sara","start":"13:00","end":"13:45","startMin":780,"endMin":825,"resourceType":"brow"}]}",
  "{"branchId":"marina-walk","tradingDay":"2026-10-11","targetMin":810,"target":"13:30","mode":"TOGETHER","advisory":"Advisory. Nothing is held, and another desk may take one of these lanes before you do.","feasible":true,"lanes":[{"label":"A","staffId":"maya","start":"13:30","end":"15:10","startMin":810,"endMin":910,"resourceType":"color"},{"label":"B","staffId":"anya","start":"13:30","end":"14:15","startMin":810,"endMin":855,"resourceType":"styling"},{"label":"C","staffId":"sara","start":"13:30","end":"14:15","startMin":810,"endMin":855,"resourceType":"brow"}]}",
  "{"branchId":"marina-walk","tradingDay":"2026-10-11","targetMin":840,"target":"14:00","mode":"TOGETHER","advisory":"Advisory. Nothing is held, and another desk may take one of these lanes before you do.","feasible":true,"lanes":[{"label":"A","staffId":"maya","start":"14:00","end":"15:40","startMin":840,"endMin":940,"resourceType":"color"},{"label":"B","staffId":"anya","start":"14:00","end":"14:45","startMin":840,"endMin":885,"resourceType":"styling"},{"label":"C","staffId":"sara","start":"14:00","end":"14:45","startMin":840,"endMin":885,"resourceType":"brow"}]}",
  "{"branchId":"marina-walk","tradingDay":"2026-10-11","targetMin":870,"target":"14:30","mode":"TOGETHER","advisory":"Advisory. Nothing is held, and another desk may take one of these lanes before you do.","feasible":false,"lanes":[],"reason":"Nobody available covers A's services at this time.","remedy":"Relax the professional preference, or try another time."}",
  "{"branchId":"marina-walk","tradingDay":"2026-10-11","targetMin":900,"target":"15:00","mode":"TOGETHER","advisory":"Advisory. Nothing is held, and another desk may take one of these lanes before you do.","feasible":false,"lanes":[],"reason":"Nobody available covers A's services at this time.","remedy":"Relax the professional preference, or try another time."}",
  "{"branchId":"marina-walk","tradingDay":"2026-10-11","targetMin":930,"target":"15:30","mode":"TOGETHER","advisory":"Advisory. Nothing is held, and another desk may take one of these lanes before you do.","feasible":false,"lanes":[],"reason":"Nobody available covers A's services at this time.","remedy":"Relax the professional preference, or try another time."}",
  "{"branchId":"marina-walk","tradingDay":"2026-10-11","targetMin":960,"target":"16:00","mode":"TOGETHER","advisory":"Advisory. Nothing is held, and another desk may take one of these lanes before you do.","feasible":false,"lanes":[],"reason":"Nobody available covers A's services at this time.","remedy":"Relax the professional preference, or try another time."}",
  "{"branchId":"marina-walk","tradingDay":"2026-10-11","targetMin":990,"target":"16:30","mode":"TOGETHER","advisory":"Advisory. Nothing is held, and another desk may take one of these lanes before you do.","feasible":false,"lanes":[],"reason":"Nobody available covers A's services at this time.","remedy":"Relax the professional preference, or try another time."}",
  "{"branchId":"marina-walk","tradingDay":"2026-10-11","targetMin":1020,"target":"17:00","mode":"TOGETHER","advisory":"Advisory. Nothing is held, and another desk may take one of these lanes before you do.","feasible":true,"lanes":[{"label":"A","staffId":"maya","start":"17:00","end":"18:40","startMin":1020,"endMin":1120,"resourceType":"color"},{"label":"B","staffId":"reem","start":"17:00","end":"17:45","startMin":1020,"endMin":1065,"resourceType":"styling"},{"label":"C","staffId":"lina","start":"17:00","end":"17:45","startMin":1020,"endMin":1065,"resourceType":"brow"}]}",
  "{"branchId":"marina-walk","tradingDay":"2026-10-11","targetMin":1050,"target":"17:30","mode":"TOGETHER","advisory":"Advisory. Nothing is held, and another desk may take one of these lanes before you do.","feasible":true,"lanes":[{"label":"A","staffId":"maya","start":"17:30","end":"19:10","startMin":1050,"endMin":1150,"resourceType":"color"},{"label":"B","staffId":"reem","start":"17:30","end":"18:15","startMin":1050,"endMin":1095,"resourceType":"styling"},{"label":"C","staffId":"lina","start":"17:30","end":"18:15","startMin":1050,"endMin":1095,"resourceType":"brow"}]}",
  "{"branchId":"marina-walk","tradingDay":"2026-10-11","targetMin":1080,"target":"18:00","mode":"TOGETHER","advisory":"Advisory. Nothing is held, and another desk may take one of these lanes before you do.","feasible":true,"lanes":[{"label":"A","staffId":"maya","start":"18:00","end":"19:40","startMin":1080,"endMin":1180,"resourceType":"color"},{"label":"B","staffId":"anya","start":"18:00","end":"18:45","startMin":1080,"endMin":1125,"resourceType":"styling"},{"label":"C","staffId":"lina","start":"18:00","end":"18:45","startMin":1080,"endMin":1125,"resourceType":"brow"}]}",
  "{"branchId":"marina-walk","tradingDay":"2026-10-11","targetMin":1110,"target":"18:30","mode":"TOGETHER","advisory":"Advisory. Nothing is held, and another desk may take one of these lanes before you do.","feasible":true,"lanes":[{"label":"A","staffId":"maya","start":"18:30","end":"20:10","startMin":1110,"endMin":1210,"resourceType":"color"},{"label":"B","staffId":"anya","start":"18:30","end":"19:15","startMin":1110,"endMin":1155,"resourceType":"styling"},{"label":"C","staffId":"lina","start":"18:30","end":"19:15","startMin":1110,"endMin":1155,"resourceType":"brow"}]}",
  "{"branchId":"marina-walk","tradingDay":"2026-10-11","targetMin":1140,"target":"19:00","mode":"TOGETHER","advisory":"Advisory. Nothing is held, and another desk may take one of these lanes before you do.","feasible":true,"lanes":[{"label":"A","staffId":"maya","start":"19:00","end":"20:40","startMin":1140,"endMin":1240,"resourceType":"color"},{"label":"B","staffId":"anya","start":"19:00","end":"19:45","startMin":1140,"endMin":1185,"resourceType":"styling"},{"label":"C","staffId":"lina","start":"19:00","end":"19:45","startMin":1140,"endMin":1185,"resourceType":"brow"}]}",
  "{"branchId":"marina-walk","tradingDay":"2026-10-11","targetMin":1170,"target":"19:30","mode":"TOGETHER","advisory":"Advisory. Nothing is held, and another desk may take one of these lanes before you do.","feasible":true,"lanes":[{"label":"A","staffId":"maya","start":"19:30","end":"21:10","startMin":1170,"endMin":1270,"resourceType":"color"},{"label":"B","staffId":"anya","start":"19:30","end":"20:15","startMin":1170,"endMin":1215,"resourceType":"styling"},{"label":"C","staffId":"lina","start":"19:30","end":"20:15","startMin":1170,"endMin":1215,"resourceType":"brow"}]}",
  "{"branchId":"marina-walk","tradingDay":"2026-10-11","targetMin":1200,"target":"20:00","mode":"TOGETHER","advisory":"Advisory. Nothing is held, and another desk may take one of these lanes before you do.","feasible":true,"lanes":[{"label":"A","staffId":"maya","start":"20:00","end":"21:40","startMin":1200,"endMin":1300,"resourceType":"color"},{"label":"B","staffId":"anya","start":"20:00","end":"20:45","startMin":1200,"endMin":1245,"resourceType":"styling"},{"label":"C","staffId":"lina","start":"20:00","end":"20:45","startMin":1200,"endMin":1245,"resourceType":"brow"}]}",
  "{"branchId":"marina-walk","tradingDay":"2026-10-11","targetMin":1230,"target":"20:30","mode":"TOGETHER","advisory":"Advisory. Nothing is held, and another desk may take one of these lanes before you do.","feasible":true,"lanes":[{"label":"A","staffId":"maya","start":"20:30","end":"22:10","startMin":1230,"endMin":1330,"resourceType":"color"},{"label":"B","staffId":"anya","start":"20:30","end":"21:15","startMin":1230,"endMin":1275,"resourceType":"styling"},{"label":"C","staffId":"lina","start":"20:30","end":"21:15","startMin":1230,"endMin":1275,"resourceType":"brow"}]}",
  "{"branchId":"marina-walk","tradingDay":"2026-10-11","targetMin":1260,"target":"21:00","mode":"TOGETHER","advisory":"Advisory. Nothing is held, and another desk may take one of these lanes before you do.","feasible":true,"lanes":[{"label":"A","staffId":"maya","start":"21:00","end":"22:40","startMin":1260,"endMin":1360,"resourceType":"color"},{"label":"B","staffId":"anya","start":"21:00","end":"21:45","startMin":1260,"endMin":1305,"resourceType":"styling"},{"label":"C","staffId":"lina","start":"21:00","end":"21:45","startMin":1260,"endMin":1305,"resourceType":"brow"}]}",
  "{"branchId":"marina-walk","tradingDay":"2026-10-11","targetMin":1290,"target":"21:30","mode":"TOGETHER","advisory":"Advisory. Nothing is held, and another desk may take one of these lanes before you do.","feasible":true,"lanes":[{"label":"A","staffId":"maya","start":"21:30","end":"23:10","startMin":1290,"endMin":1390,"resourceType":"color"},{"label":"B","staffId":"anya","start":"21:30","end":"22:15","startMin":1290,"endMin":1335,"resourceType":"styling"},{"label":"C","staffId":"lina","start":"21:30","end":"22:15","startMin":1290,"endMin":1335,"resourceType":"brow"}]}",
  "{"branchId":"marina-walk","tradingDay":"2026-10-11","targetMin":1319,"target":"21:59","mode":"TOGETHER","advisory":"Advisory. Nothing is held, and another desk may take one of these lanes before you do.","feasible":true,"lanes":[{"label":"A","staffId":"maya","start":"21:59","end":"23:39","startMin":1319,"endMin":1419,"resourceType":"color"},{"label":"B","staffId":"anya","start":"21:59","end":"22:44","startMin":1319,"endMin":1364,"resourceType":"styling"},{"label":"C","staffId":"lina","start":"21:59","end":"22:44","startMin":1319,"endMin":1364,"resourceType":"brow"}]}",
  "{"branchId":"marina-walk","tradingDay":"2026-10-11","targetMin":605,"target":"10:05","mode":"TOGETHER","advisory":"Advisory. Nothing is held, and another desk may take one of these lanes before you do.","feasible":false,"lanes":[],"reason":"Nobody available covers A's services at this time.","remedy":"Relax the professional preference, or try another time."}",
  "{"branchId":"marina-walk","tradingDay":"2026-10-11","targetMin":1000,"target":"16:40","mode":"TOGETHER","advisory":"Advisory. Nothing is held, and another desk may take one of these lanes before you do.","feasible":false,"lanes":[],"reason":"Nobody available covers A's services at this time.","remedy":"Relax the professional preference, or try another time."}",
]
`;
