// Vitest Snapshot v1, https://vitest.dev/guide/snapshot.html

exports[`B7 shape: the routine as one booking (draft §3 and §5) > the whole object, on booking-api's words and clock 1`] = `
{
  "advance_paid_amount": 100,
  "amount_without_tax": 300,
  "booking_type": "ROUTINE",
  "can": {
    "cancel": true,
    "extend": true,
    "pause": true,
    "reschedule": true,
    "resume": false,
    "skip": true,
  },
  "counts": {
    "cancelled": 0,
    "done": 1,
    "remaining": 2,
    "skipped": 1,
    "total": 3,
  },
  "created_at": "2026-10-01T11:00:00+06:00",
  "date": "2026-10-27",
  "discount": 0,
  "due_amount": 215,
  "end_time": "2026-10-27T17:15:00+06:00",
  "frequency": "WEEKLY",
  "id": "aaaaaaaa-0000-4aaa-8aaa-aaaaaaaaaaaa",
  "pass_qr_code": "GS-2",
  "pause": null,
  "payment_method": null,
  "payment_status": "PAY_AFTER_CHECK_IN",
  "products": [],
  "promo_code": null,
  "salon_id": "marina-walk",
  "services": [
    {
      "amount": 100,
      "id": "haircut-finish",
      "name": "Haircut & finish",
    },
  ],
  "sessions": [
    {
      "booking_id": "b0000000-0000-4000-8000-000000000000",
      "can_reschedule": false,
      "can_skip": false,
      "date": "2026-10-06",
      "end_time": "2026-10-06T17:15:00+06:00",
      "id": "occ-0",
      "index": 0,
      "locked": true,
      "pass_qr_code": "GS-0",
      "start_time": "2026-10-06T16:30:00+06:00",
      "state": "COMPLETED",
      "stylist": {
        "id": "maya",
        "name": "Maya",
      },
      "total": 105,
    },
    {
      "booking_id": "b0000000-0000-4000-8000-000000000001",
      "can_reschedule": false,
      "can_skip": false,
      "date": "2026-10-13",
      "end_time": "2026-10-13T17:15:00+06:00",
      "id": "occ-1",
      "index": 1,
      "locked": true,
      "pass_qr_code": null,
      "start_time": "2026-10-13T16:30:00+06:00",
      "state": "SKIPPED",
      "stylist": {
        "id": "maya",
        "name": "Maya",
      },
      "total": null,
    },
    {
      "booking_id": "b0000000-0000-4000-8000-000000000002",
      "can_reschedule": true,
      "can_skip": true,
      "date": "2026-10-27",
      "end_time": "2026-10-27T17:15:00+06:00",
      "id": "occ-2",
      "index": 2,
      "locked": false,
      "pass_qr_code": "GS-2",
      "start_time": "2026-10-27T16:30:00+06:00",
      "state": "SCHEDULED",
      "stylist": {
        "id": "maya",
        "name": "Maya",
      },
      "total": 105,
    },
    {
      "booking_id": null,
      "can_reschedule": true,
      "can_skip": true,
      "date": "2027-02-02",
      "end_time": "2027-02-02T17:15:00+06:00",
      "id": "occ-3",
      "index": 3,
      "locked": false,
      "pass_qr_code": null,
      "start_time": "2027-02-02T16:30:00+06:00",
      "state": "PLANNED",
      "stylist": {
        "id": "maya",
        "name": "Maya",
      },
      "total": 105,
    },
  ],
  "start_time": "2026-10-27T16:30:00+06:00",
  "status": "ACTIVE",
  "stylists": [
    {
      "avatar_url": null,
      "id": "maya",
      "name": "Maya",
    },
  ],
  "tax_amount": 15,
  "total": 315,
}
`;
